2026-09-06 19:21:45,391 [INFO] ================================================================================
2026-09-06 19:21:45,392 [INFO] 🚀 EDGE LABS — BROWSER STREAMER ENDURANCE & DIAGNOSTIC MONITOR
2026-09-06 19:21:45,434 [INFO] Target Environment : https://demo.tradelocker.com
2026-09-06 19:21:45,434 [INFO] Account User       : bonnieprincewill6@gmail.com
2026-09-06 19:21:45,434 [INFO] Broker Server      : BLBRY
2026-09-06 19:21:45,435 [INFO] Stall Timeout Gate : 15.0s (5 minutes)
2026-09-06 19:21:45,435 [INFO] ================================================================================
2026-09-06 19:21:45,956 [INFO] 🌐 Launching Chromium browser with Anti-Throttling & Anti-Detection flags...
2026-09-06 19:21:46,151 [INFO] 🔗 Navigating to https://demo.tradelocker.com...
2026-09-06 19:21:47,586 [INFO] 📋 Selecting 'Broker / Prop' login tab...
2026-09-06 19:21:52,700 [INFO] 🔑 Entering credentials for bonnieprincewill6@gmail.com on server BLBRY...
2026-09-06 19:21:52,787 [INFO] 🚀 Submitting login credentials via DOM...
2026-09-06 19:21:52,793 [INFO] ⏳ Waiting for TradeLocker TradingView WebGL workspace initialization (8s)...
2026-09-06 19:22:00,795 [INFO] ⚡ Locking TradingView chart resolution to 1-second (1s)...
2026-09-06 19:22:05,343 [INFO] ✅ Browser Price Streamer Connected! URL: https://demo.tradelocker.com/en/trade
2026-09-06 19:22:05,345 [INFO] 📊 Commencing High-Frequency In-Memory Quote Polling (30ms cycle)...
2026-09-06 19:22:06,028 [WARNING] ⚠️ [THROTTLE DETECTED] Page evaluation latency spiked to 682.50ms (Uptime: 00h 00m 19s)
2026-09-06 19:22:10,355 [WARNING] ⚠️ [DATA STALL] No new bar advance for 5.0s | Last Bar TS: 1788555598 | Last Price: $4430.14 | Uptime: 00h 00m 24s
2026-09-06 19:22:15,362 [INFO] 🟢 [UPTIME: 00h 00m 29s] | Ticks: 323 (32.3 ticks/s) | Latency: 4.07ms | Gold: $4430.14 (Spread: 0.08) | Stall Time: 10.0s
2026-09-06 19:22:15,407 [INFO] ⏱️ Maximum designated runtime (30.0s) reached.
2026-09-06 19:22:15,518 [INFO] 📄 JSON Diagnostic Report saved: logs/streamer_endurance_report.json
2026-09-06 19:22:15,520 [INFO] 📊 Markdown Audit Report saved: logs/streamer_endurance_report.md
2026-09-06 19:22:33,934 [INFO] ================================================================================
2026-09-06 19:22:33,935 [INFO] 🚀 EDGE LABS — BROWSER STREAMER ENDURANCE & DIAGNOSTIC MONITOR
2026-09-06 19:22:33,935 [INFO] Target Environment : https://demo.tradelocker.com
2026-09-06 19:22:33,935 [INFO] Account User       : bonnieprincewill6@gmail.com
2026-09-06 19:22:33,935 [INFO] Broker Server      : BLBRY
2026-09-06 19:22:33,935 [INFO] Stall Timeout Gate : 15.0s (5 minutes)
2026-09-06 19:22:33,935 [INFO] ================================================================================
2026-09-06 19:22:34,382 [INFO] 🌐 Launching Chromium browser with Anti-Throttling & Anti-Detection flags...
2026-09-06 19:22:34,561 [INFO] 🔗 Navigating to https://demo.tradelocker.com...
2026-09-06 19:22:35,849 [INFO] 📋 Selecting 'Broker / Prop' login tab...
2026-09-06 19:22:40,330 [INFO] 🔑 Entering credentials for bonnieprincewill6@gmail.com on server BLBRY...
2026-09-06 19:22:40,362 [INFO] 🚀 Submitting login credentials via DOM...
2026-09-06 19:22:40,367 [INFO] ⏳ Waiting for TradeLocker TradingView WebGL workspace initialization (8s)...
2026-09-06 19:22:48,370 [INFO] ⚡ Locking TradingView chart resolution to 1-second (1s)...
2026-09-06 19:22:52,907 [INFO] ✅ Browser Price Streamer Connected! URL: https://demo.tradelocker.com/en/trade?instrument=4749
2026-09-06 19:22:52,907 [INFO] 📊 Commencing High-Frequency In-Memory Quote Polling (30ms cycle)...
2026-09-06 19:22:57,930 [WARNING] ⚠️ [DATA STALL] No new bar advance for 5.0s | Last Bar TS: 1788555598 | Last Price: $4430.14 | Uptime: 00h 00m 23s
2026-09-06 19:23:02,921 [INFO] 🟢 [UPTIME: 00h 00m 28s] | Ticks: 349 (34.9 ticks/s) | Latency: 3.55ms | Gold: $4430.14 (Spread: 0.08) | Stall Time: 10.0s
2026-09-06 19:23:03,950 [INFO] ⏱️ Maximum designated runtime (30.0s) reached.
2026-09-06 19:23:04,043 [INFO] 📄 JSON Diagnostic Report saved: logs/streamer_endurance_report.json
2026-09-06 19:23:04,045 [INFO] 📊 Markdown Audit Report saved: logs/streamer_endurance_report.md
2026-09-06 19:23:09,549 [INFO] ================================================================================
2026-09-06 19:23:09,549 [INFO] 🚀 EDGE LABS — BROWSER STREAMER ENDURANCE & DIAGNOSTIC MONITOR
2026-09-06 19:23:09,549 [INFO] Target Environment : https://demo.tradelocker.com
2026-09-06 19:23:09,549 [INFO] Account User       : bonnieprincewill6@gmail.com
2026-09-06 19:23:09,549 [INFO] Broker Server      : BLBRY
2026-09-06 19:23:09,549 [INFO] Stall Timeout Gate : 8.0s (5 minutes)
2026-09-06 19:23:09,549 [INFO] ================================================================================
2026-09-06 19:23:09,995 [INFO] 🌐 Launching Chromium browser with Anti-Throttling & Anti-Detection flags...
2026-09-06 19:23:10,173 [INFO] 🔗 Navigating to https://demo.tradelocker.com...
2026-09-06 19:23:11,628 [INFO] 📋 Selecting 'Broker / Prop' login tab...
2026-09-06 19:23:17,063 [INFO] 🔑 Entering credentials for bonnieprincewill6@gmail.com on server BLBRY...
2026-09-06 19:23:17,096 [INFO] 🚀 Submitting login credentials via DOM...
2026-09-06 19:23:17,100 [INFO] ⏳ Waiting for TradeLocker TradingView WebGL workspace initialization (8s)...
2026-09-06 19:23:25,101 [INFO] ⚡ Locking TradingView chart resolution to 1-second (1s)...
2026-09-06 19:23:29,753 [INFO] ✅ Browser Price Streamer Connected! URL: https://demo.tradelocker.com/en/trade?instrument=4749
2026-09-06 19:23:29,753 [INFO] 📊 Commencing High-Frequency In-Memory Quote Polling (30ms cycle)...
2026-09-06 19:23:34,786 [WARNING] ⚠️ [DATA STALL] No new bar advance for 5.0s | Last Bar TS: 1788555598 | Last Price: $4430.14 | Uptime: 00h 00m 25s
2026-09-06 19:23:37,790 [CRITICAL] 🚨 [5-MINUTE STALL TRIGGERED] Datafeed has been motionless for 8.0s (>8.0s). Initiating Comprehensive Root-Cause Diagnostics...
2026-09-06 19:23:37,995 [INFO] 📸 Diagnostic screenshot captured: screenshots/streamer_stall_diagnostic_20260906_192337.png
2026-09-06 19:23:38,015 [INFO] 💾 Page HTML dumped: logs/streamer_stall_dump_20260906_192337.html
2026-09-06 19:23:38,022 [INFO] 🔎 Root Cause Analysis: MARKET_CLOSED_WEEKEND: Spot Gold (XAUUSD) market is currently closed for the weekend. Chart and DOM are healthy and mounted, but broker price feed is dormant until market open (Sunday 5:00 PM EST / 21:00 UTC).
2026-09-06 19:23:38,128 [INFO] 📄 JSON Diagnostic Report saved: logs/streamer_endurance_report.json
2026-09-06 19:23:38,129 [INFO] 📊 Markdown Audit Report saved: logs/streamer_endurance_report.md
